
==============================================================================
0. DATA
==============================================================================
  tech30: 30/30   mixed50: 50/50

==============================================================================
1. SIZING REGIME — tech30 (30 names)
==============================================================================
  2020+: 8 variants (B&H 31.2% CAGR)
  2022+: 8 variants (B&H 13.9% CAGR)
  2023+: 8 variants (B&H 41.0% CAGR)

  --- 2020+ ---
                        variant  cagr_pct  excess_vs_bh_pp  max_drawdown_pct  sharpe  calmar  annual_vol_pct  avg_exposure_pct  num_lots
     equal-dollar 20% (current)     27.52            -3.63            -51.18    0.90    0.54           33.10             99.55      5267
               equal-dollar 10%     27.93            -3.22            -51.18    0.91    0.55           32.99             99.23      5276
          equal-risk 1% per lot     24.61            -6.54            -47.56    0.88    0.52           30.13             99.33      5085
          equal-risk 2% per lot     24.30            -6.85            -47.71    0.87    0.51           30.24             99.56      5037
          equal-risk 3% per lot     24.37            -6.78            -47.69    0.87    0.51           30.29             99.58      5047
          equal-risk 5% per lot     24.33            -6.82            -48.70    0.86    0.50           30.76             99.59      5111
   equal-risk 2% + 15%/name cap     24.75            -6.40            -49.16    0.87    0.50           31.02             98.99      5167
equal-dollar 20% + 15%/name cap     27.54            -3.61            -50.71    0.91    0.54           32.95             99.01      5227

  --- 2022+ ---
                        variant  cagr_pct  excess_vs_bh_pp  max_drawdown_pct  sharpe  calmar  annual_vol_pct  avg_exposure_pct  num_lots
     equal-dollar 20% (current)     15.90             2.04            -50.38    0.61    0.32           33.14             99.68      3181
               equal-dollar 10%     15.58             1.72            -50.39    0.60    0.31           33.18             99.63      3193
          equal-risk 1% per lot     13.89             0.03            -45.91    0.59    0.30           29.04             99.55      3180
          equal-risk 2% per lot     13.35            -0.51            -46.91    0.58    0.28           29.10             99.59      3148
          equal-risk 3% per lot     13.12            -0.74            -47.63    0.57    0.28           29.19             99.60      3134
          equal-risk 5% per lot     13.98             0.12            -48.17    0.59    0.29           29.90             99.64      3158
   equal-risk 2% + 15%/name cap     13.92             0.06            -47.75    0.58    0.29           30.31             99.58      3199
equal-dollar 20% + 15%/name cap     15.07             1.21            -50.28    0.59    0.30           32.96             99.62      3142

  --- 2023+ ---
                        variant  cagr_pct  excess_vs_bh_pp  max_drawdown_pct  sharpe  calmar  annual_vol_pct  avg_exposure_pct  num_lots
     equal-dollar 20% (current)     48.83             7.83            -29.55    1.57    1.65           27.84             99.94      2655
               equal-dollar 10%     45.87             4.87            -29.50    1.52    1.56           27.39             99.89      2647
          equal-risk 1% per lot     41.39             0.39            -28.27    1.51    1.46           25.11             99.79      2691
          equal-risk 2% per lot     41.20             0.20            -28.25    1.51    1.46           25.12             99.88      2605
          equal-risk 3% per lot     43.37             2.38            -28.44    1.55    1.53           25.50             99.92      2608
          equal-risk 5% per lot     44.66             3.66            -29.01    1.55    1.54           26.17             99.93      2617
   equal-risk 2% + 15%/name cap     42.51             1.51            -28.98    1.49    1.47           26.27             99.88      2656
equal-dollar 20% + 15%/name cap     47.66             6.66            -29.39    1.55    1.62           27.79             99.93      2629

==============================================================================
1. SIZING REGIME — mixed50 (50 names)
==============================================================================
  2020+: 8 variants (B&H 26.3% CAGR)
  2022+: 8 variants (B&H 14.9% CAGR)
  2023+: 8 variants (B&H 32.9% CAGR)

  --- 2020+ ---
                        variant  cagr_pct  excess_vs_bh_pp  max_drawdown_pct  sharpe  calmar  annual_vol_pct  avg_exposure_pct  num_lots
     equal-dollar 20% (current)     26.43             0.08            -30.18    1.10    0.88           23.91             99.78      7919
               equal-dollar 10%     26.29            -0.06            -30.18    1.10    0.87           23.91             99.74      7922
          equal-risk 1% per lot     21.94            -4.40            -26.24    1.13    0.84           19.32             99.71      7196
          equal-risk 2% per lot     22.14            -4.21            -26.13    1.13    0.85           19.36             99.73      7209
          equal-risk 3% per lot     22.63            -3.71            -26.39    1.14    0.86           19.75             99.75      7399
          equal-risk 5% per lot     23.40            -2.95            -26.63    1.11    0.88           21.05             99.76      7707
   equal-risk 2% + 15%/name cap     22.50            -3.84            -27.66    1.06    0.81           21.29             99.66      7564
equal-dollar 20% + 15%/name cap     25.37            -0.98            -30.15    1.07    0.84           23.87             99.70      7836

  --- 2022+ ---
                        variant  cagr_pct  excess_vs_bh_pp  max_drawdown_pct  sharpe  calmar  annual_vol_pct  avg_exposure_pct  num_lots
     equal-dollar 20% (current)     13.22            -1.64            -40.19    0.63    0.33           24.46             99.25      4117
               equal-dollar 10%     13.93            -0.94            -39.08    0.66    0.36           24.50             99.25      4142
          equal-risk 1% per lot     12.20            -2.67            -29.43    0.77    0.41           16.74             99.18      3956
          equal-risk 2% per lot     11.80            -3.07            -30.24    0.75    0.39           16.78             99.20      3895
          equal-risk 3% per lot     12.05            -2.82            -31.66    0.75    0.38           17.35             99.25      3976
          equal-risk 5% per lot     12.78            -2.09            -34.39    0.72    0.37           19.51             99.29      4205
   equal-risk 2% + 15%/name cap     12.79            -2.08            -34.03    0.71    0.38           19.88             99.23      4217
equal-dollar 20% + 15%/name cap     13.43            -1.43            -39.12    0.65    0.34           24.10             99.24      4243

  --- 2023+ ---
                        variant  cagr_pct  excess_vs_bh_pp  max_drawdown_pct  sharpe  calmar  annual_vol_pct  avg_exposure_pct  num_lots
     equal-dollar 20% (current)     38.35             5.43            -21.82    1.77    1.76           19.45             99.83      4207
               equal-dollar 10%     38.35             5.43            -21.82    1.77    1.76           19.45             99.83      4207
          equal-risk 1% per lot     28.76            -4.15            -17.09    1.84    1.68           14.36             99.72      3713
          equal-risk 2% per lot     28.61            -4.30            -16.98    1.83    1.69           14.39             99.72      3736
          equal-risk 3% per lot     29.79            -3.13            -17.94    1.81    1.66           15.07             99.74      3888
          equal-risk 5% per lot     33.20             0.28            -20.17    1.77    1.65           17.07             99.78      4053
   equal-risk 2% + 15%/name cap     32.95             0.03            -20.34    1.76    1.62           17.11             99.78      4074
equal-dollar 20% + 15%/name cap     37.79             4.88            -21.79    1.76    1.73           19.33             99.83      4212
  -> studies\results_portfolio\1_sizing_regime.csv

==============================================================================
2. PER-NAME CAP SWEEP — tech30
==============================================================================

  --- 2020+ ---
         variant  cagr_pct  excess_vs_bh_pp  max_drawdown_pct  sharpe  calmar  avg_exposure_pct  num_lots
         5%/name     27.50            -3.65            -50.49    0.91    0.54             98.25      4668
        10%/name     28.25            -2.90            -50.64    0.92    0.56             98.86      5254
        15%/name     27.54            -3.61            -50.71    0.91    0.54             99.01      5227
        20%/name     27.67            -3.48            -50.87    0.91    0.54             99.11      5258
        25%/name     27.74            -3.41            -50.96    0.91    0.54             99.15      5299
        35%/name     27.87            -3.28            -51.18    0.91    0.54             99.19      5258
no cap (current)     27.52            -3.63            -51.18    0.90    0.54             99.55      5267

  --- 2022+ ---
         variant  cagr_pct  excess_vs_bh_pp  max_drawdown_pct  sharpe  calmar  avg_exposure_pct  num_lots
         5%/name     16.04             2.18            -45.72    0.62    0.35             99.45      2819
        10%/name     14.90             1.04            -50.05    0.59    0.30             99.58      3117
        15%/name     15.07             1.21            -50.28    0.59    0.30             99.62      3142
        20%/name     15.15             1.29            -50.46    0.59    0.30             99.65      3150
        25%/name     15.69             1.83            -50.47    0.61    0.31             99.68      3206
        35%/name     15.91             2.05            -50.36    0.61    0.32             99.68      3181
no cap (current)     15.90             2.04            -50.38    0.61    0.32             99.68      3181

  --- 2023+ ---
         variant  cagr_pct  excess_vs_bh_pp  max_drawdown_pct  sharpe  calmar  avg_exposure_pct  num_lots
         5%/name     41.89             0.89            -29.52    1.42    1.42             99.51      2389
        10%/name     45.35             4.35            -29.35    1.50    1.54             99.86      2665
        15%/name     47.66             6.66            -29.39    1.55    1.62             99.93      2629
        20%/name     48.57             7.57            -29.41    1.57    1.65             99.94      2640
        25%/name     48.86             7.86            -29.55    1.57    1.65             99.95      2651
        35%/name     48.90             7.90            -29.55    1.58    1.65             99.94      2654
no cap (current)     48.83             7.83            -29.55    1.57    1.65             99.94      2655

  Mean across the three windows:
         variant  cagr_pct  max_drawdown_pct  sharpe  calmar  excess_vs_bh_pp
         5%/name     28.47            -41.91    0.98    0.77            -0.20
        10%/name     29.50            -43.35    1.00    0.80             0.83
        15%/name     30.09            -43.46    1.02    0.82             1.42
        20%/name     30.46            -43.58    1.02    0.83             1.79
        25%/name     30.77            -43.66    1.03    0.84             2.10
        35%/name     30.89            -43.69    1.03    0.84             2.22
no cap (current)     30.75            -43.70    1.03    0.84             2.08

==============================================================================
2. PER-NAME CAP SWEEP — mixed50
==============================================================================

  --- 2020+ ---
         variant  cagr_pct  excess_vs_bh_pp  max_drawdown_pct  sharpe  calmar  avg_exposure_pct  num_lots
         5%/name     24.60            -1.74            -30.12    1.04    0.82             99.19      7519
        10%/name     24.92            -1.42            -30.20    1.05    0.83             99.61      7791
        15%/name     25.37            -0.98            -30.15    1.07    0.84             99.70      7836
        20%/name     26.04            -0.31            -30.06    1.09    0.87             99.77      7900
        25%/name     26.34            -0.00            -30.11    1.10    0.88             99.77      7887
        35%/name     26.43             0.08            -30.18    1.10    0.88             99.78      7918
no cap (current)     26.43             0.08            -30.18    1.10    0.88             99.78      7919

  --- 2022+ ---
         variant  cagr_pct  excess_vs_bh_pp  max_drawdown_pct  sharpe  calmar  avg_exposure_pct  num_lots
         5%/name     15.65             0.78            -34.20    0.75    0.46             99.20      4349
        10%/name     14.13            -0.74            -38.40    0.68    0.37             99.21      4289
        15%/name     13.43            -1.43            -39.12    0.65    0.34             99.24      4243
        20%/name     13.65            -1.22            -39.79    0.65    0.34             99.25      4183
        25%/name     13.56            -1.31            -39.86    0.64    0.34             99.30      4205
        35%/name     13.23            -1.63            -40.17    0.63    0.33             99.25      4117
no cap (current)     13.22            -1.64            -40.19    0.63    0.33             99.25      4117

  --- 2023+ ---
         variant  cagr_pct  excess_vs_bh_pp  max_drawdown_pct  sharpe  calmar  avg_exposure_pct  num_lots
         5%/name     35.10             2.19            -22.05    1.69    1.59             99.69      4095
        10%/name     37.62             4.71            -21.86    1.76    1.72             99.81      4186
        15%/name     37.79             4.88            -21.79    1.76    1.73             99.83      4212
        20%/name     37.97             5.06            -21.80    1.77    1.74             99.82      4187
        25%/name     38.41             5.50            -21.81    1.78    1.76             99.83      4206
        35%/name     38.35             5.43            -21.82    1.77    1.76             99.83      4207
no cap (current)     38.35             5.43            -21.82    1.77    1.76             99.83      4207

  Mean across the three windows:
         variant  cagr_pct  max_drawdown_pct  sharpe  calmar  excess_vs_bh_pp
         5%/name     25.12            -28.79    1.16    0.96             0.41
        10%/name     25.56            -30.15    1.16    0.97             0.85
        15%/name     25.53            -30.35    1.16    0.97             0.82
        20%/name     25.89            -30.55    1.17    0.98             1.18
        25%/name     26.10            -30.59    1.17    0.99             1.40
        35%/name     26.00            -30.72    1.17    0.99             1.29
no cap (current)     26.00            -30.73    1.17    0.99             1.29
  -> studies\results_portfolio\2_name_caps.csv

==============================================================================
3. VOLATILITY TIERING — tech30
==============================================================================

  2020+: tiers assigned from pre-2020-01-02 data -> {'low': 10, 'mid': 9, 'high': 9}

  2022+: tiers assigned from pre-2022-01-03 data -> {'low': 10, 'mid': 10, 'high': 10}

  2023+: tiers assigned from pre-2023-01-03 data -> {'low': 10, 'mid': 10, 'high': 10}

  --- 2020+ ---
                               variant  cagr_pct  excess_vs_bh_pp  max_drawdown_pct  sharpe  calmar  annual_vol_pct  avg_exposure_pct
                    flat 20% (current)     27.52            -3.63            -51.18    0.90    0.54           33.10             99.55
    de-risk: low 30 / mid 20 / high 10     22.40            -8.75            -47.91    0.82    0.47           30.28             99.49
de-risk hard: low 35 / mid 20 / high 5     19.96           -11.19            -46.28    0.77    0.43           29.23             99.46
tilt to vol: low 10 / mid 20 / high 30     33.24             2.09            -54.03    0.98    0.62           36.28             99.53
    barbell: low 30 / mid 10 / high 30     28.97            -2.18            -52.30    0.93    0.55           33.39             99.22

  --- 2022+ ---
                               variant  cagr_pct  excess_vs_bh_pp  max_drawdown_pct  sharpe  calmar  annual_vol_pct  avg_exposure_pct
                    flat 20% (current)     15.90             2.04            -50.38    0.61    0.32           33.14             99.68
    de-risk: low 30 / mid 20 / high 10     15.38             1.52            -44.40    0.64    0.35           29.33             99.60
de-risk hard: low 35 / mid 20 / high 5     14.76             0.90            -42.96    0.63    0.34           27.89             99.57
tilt to vol: low 10 / mid 20 / high 30     16.86             3.00            -54.36    0.60    0.31           37.49             99.60
    barbell: low 30 / mid 10 / high 30     15.21             1.35            -50.65    0.59    0.30           34.03             99.58

  --- 2023+ ---
                               variant  cagr_pct  excess_vs_bh_pp  max_drawdown_pct  sharpe  calmar  annual_vol_pct  avg_exposure_pct
                    flat 20% (current)     48.83             7.83            -29.55    1.57    1.65           27.84             99.94
    de-risk: low 30 / mid 20 / high 10     44.80             3.80            -27.79    1.59    1.61           25.43             99.92
de-risk hard: low 35 / mid 20 / high 5     42.60             1.60            -26.90    1.58    1.58           24.52             99.89
tilt to vol: low 10 / mid 20 / high 30     52.68            11.69            -32.15    1.54    1.64           30.64             99.94
    barbell: low 30 / mid 10 / high 30     47.06             6.06            -30.81    1.49    1.53           28.75             99.92

  Mean across the three windows:
                               variant  cagr_pct  max_drawdown_pct  sharpe  calmar  annual_vol_pct
tilt to vol: low 10 / mid 20 / high 30     34.26            -46.85    1.04    0.85           34.80
                    flat 20% (current)     30.75            -43.70    1.03    0.84           31.36
    de-risk: low 30 / mid 20 / high 10     27.53            -40.03    1.02    0.81           28.34
    barbell: low 30 / mid 10 / high 30     30.41            -44.59    1.00    0.79           32.06
de-risk hard: low 35 / mid 20 / high 5     25.77            -38.71    0.99    0.79           27.21

==============================================================================
3. VOLATILITY TIERING — mixed50
==============================================================================

  2020+: tiers assigned from pre-2020-01-02 data -> {'low': 16, 'mid': 16, 'high': 16}

  2022+: tiers assigned from pre-2022-01-03 data -> {'low': 17, 'high': 17, 'mid': 16}

  2023+: tiers assigned from pre-2023-01-03 data -> {'low': 17, 'high': 17, 'mid': 16}

  --- 2020+ ---
                               variant  cagr_pct  excess_vs_bh_pp  max_drawdown_pct  sharpe  calmar  annual_vol_pct  avg_exposure_pct
                    flat 20% (current)     26.43             0.08            -30.18    1.10    0.88           23.91             99.78
    de-risk: low 30 / mid 20 / high 10     20.82            -5.53            -27.69    1.07    0.75           19.49             99.67
de-risk hard: low 35 / mid 20 / high 5     18.79            -7.55            -28.40    1.03    0.66           18.43             99.68
tilt to vol: low 10 / mid 20 / high 30     30.37             4.02            -41.10    1.06    0.74           29.08             99.75
    barbell: low 30 / mid 10 / high 30     27.23             0.88            -31.79    1.09    0.86           25.01             99.77

  --- 2022+ ---
                               variant  cagr_pct  excess_vs_bh_pp  max_drawdown_pct  sharpe  calmar  annual_vol_pct  avg_exposure_pct
                    flat 20% (current)     13.22            -1.64            -40.19    0.63    0.33           24.46             99.25
    de-risk: low 30 / mid 20 / high 10     12.50            -2.37            -30.54    0.77    0.41           17.32             99.25
de-risk hard: low 35 / mid 20 / high 5     12.06            -2.81            -27.61    0.80    0.44           15.81             99.39
tilt to vol: low 10 / mid 20 / high 30     16.39             1.53            -48.43    0.63    0.34           32.58             99.26
    barbell: low 30 / mid 10 / high 30     12.50            -2.36            -42.65    0.59    0.29           25.91             99.27

  --- 2023+ ---
                               variant  cagr_pct  excess_vs_bh_pp  max_drawdown_pct  sharpe  calmar  annual_vol_pct  avg_exposure_pct
                    flat 20% (current)     38.35             5.43            -21.82    1.77    1.76           19.45             99.83
    de-risk: low 30 / mid 20 / high 10     30.10            -2.82            -17.08    1.90    1.76           14.45             99.72
de-risk hard: low 35 / mid 20 / high 5     25.79            -7.12            -14.97    1.89    1.72           12.64             99.70
tilt to vol: low 10 / mid 20 / high 30     45.93            13.02            -25.88    1.66    1.78           24.78             99.81
    barbell: low 30 / mid 10 / high 30     38.18             5.26            -20.87    1.73    1.83           19.95             99.78

  Mean across the three windows:
                               variant  cagr_pct  max_drawdown_pct  sharpe  calmar  annual_vol_pct
    de-risk: low 30 / mid 20 / high 10     21.14            -25.10    1.25    0.97           17.08
de-risk hard: low 35 / mid 20 / high 5     18.88            -23.66    1.24    0.94           15.63
                    flat 20% (current)     26.00            -30.73    1.17    0.99           22.61
    barbell: low 30 / mid 10 / high 30     25.97            -31.77    1.14    0.99           23.62
tilt to vol: low 10 / mid 20 / high 30     30.90            -38.47    1.12    0.95           28.81
  -> studies\results_portfolio\3_vol_tiering.csv

==============================================================================
4. EFFECTIVE NUMBER OF BETS — tech30
==============================================================================
universe window  n_names  avg_pairwise_corr  effective_bets_eigen  effective_bets_corr  pc1_variance_pct
  tech30  2020+       30               0.42                  4.65                 2.28             44.50
  tech30  2022+       30               0.42                  4.59                 2.27             44.76
  tech30  2023+       30               0.34                  6.43                 2.79             36.44

==============================================================================
4. EFFECTIVE NUMBER OF BETS — mixed50
==============================================================================
universe window  n_names  avg_pairwise_corr  effective_bets_eigen  effective_bets_corr  pc1_variance_pct
 mixed50  2020+       50               0.27                  8.47                 3.56             30.87
 mixed50  2022+       50               0.27                  8.27                 3.51             31.35
 mixed50  2023+       50               0.20                 11.61                 4.64             24.57

==============================================================================
4. EFFECTIVE NUMBER OF BETS — trio
==============================================================================
universe window  n_names  avg_pairwise_corr  effective_bets_eigen  effective_bets_corr  pc1_variance_pct
    trio  2020+        3               0.46                  2.10                 1.56             64.13
    trio  2022+        3               0.46                  2.10                 1.56             64.15
    trio  2023+        3               0.38                  2.33                 1.71             58.53
  -> studies\results_portfolio\4_effective_bets.csv

==============================================================================
VERDICT — best Sharpe per universe x window, across every variant tested
==============================================================================
universe window                                variant  cagr_pct  excess_vs_bh_pp  max_drawdown_pct  sharpe  calmar
 mixed50  2020+                  equal-risk 3% per lot     22.63            -3.71            -26.39    1.14    0.86
 mixed50  2022+ de-risk hard: low 35 / mid 20 / high 5     12.06            -2.81            -27.61    0.80    0.44
 mixed50  2023+     de-risk: low 30 / mid 20 / high 10     30.10            -2.82            -17.08    1.90    1.76
  tech30  2020+ tilt to vol: low 10 / mid 20 / high 30     33.24             2.09            -54.03    0.98    0.62
  tech30  2022+     de-risk: low 30 / mid 20 / high 10     15.38             1.52            -44.40    0.64    0.35
  tech30  2023+     de-risk: low 30 / mid 20 / high 10     44.80             3.80            -27.79    1.59    1.61

  Baseline (current rules) for comparison:
universe window  cagr_pct  max_drawdown_pct  sharpe  calmar
 mixed50  2020+     26.43            -30.18    1.10    0.88
 mixed50  2022+     13.22            -40.19    0.63    0.33
 mixed50  2023+     38.35            -21.82    1.77    1.76
  tech30  2020+     27.52            -51.18    0.90    0.54
  tech30  2022+     15.90            -50.38    0.61    0.32
  tech30  2023+     48.83            -29.55    1.57    1.65

  -> studies\results_portfolio\summary.json

==============================================================================
DONE
==============================================================================
